
> memberflow@0.1.0 build
> next build

node.exe : 
[low_level_alloc.cc : 
554] RAW: Check 
new_pages != nullptr 
failed: VirtualAlloc 
failed
At line:1 char:1
+ & "C:\Program Files\
nodejs/node.exe" 
"C:\Program 
Files\nodejs/node_mo 
...
+ ~~~~~~~~~~~~~~~~~~~~
~~~~~~~~~~~~~~~~~~~~~~
~~~~~~~~~~~~~~~~~~~~~~
~~~~~
    + CategoryInfo    
          : NotSpeci  
  fied: ([low_level   
 _allo...ualAlloc     
failed:String) []    
, RemoteException
    + FullyQualifiedE 
   rrorId : NativeCo  
  mmandError
 
